------------------------------------------------------------
TimeQuest Timing Analyzer Summary
------------------------------------------------------------

Type  : Slow 1200mV 85C Model Setup 'clk'
Slack : 9992.898
TNS   : 0.000

Type  : Slow 1200mV 85C Model Hold 'clk'
Slack : 0.283
TNS   : 0.000

Type  : Slow 1200mV 85C Model Recovery 'clk'
Slack : 9997.702
TNS   : 0.000

Type  : Slow 1200mV 85C Model Removal 'clk'
Slack : 1.262
TNS   : 0.000

Type  : Slow 1200mV 85C Model Minimum Pulse Width 'clk'
Slack : 4999.496
TNS   : 0.000

Type  : Slow 1200mV 0C Model Setup 'clk'
Slack : 9993.640
TNS   : 0.000

Type  : Slow 1200mV 0C Model Hold 'clk'
Slack : 0.278
TNS   : 0.000

Type  : Slow 1200mV 0C Model Recovery 'clk'
Slack : 9997.945
TNS   : 0.000

Type  : Slow 1200mV 0C Model Removal 'clk'
Slack : 1.135
TNS   : 0.000

Type  : Slow 1200mV 0C Model Minimum Pulse Width 'clk'
Slack : 4999.504
TNS   : 0.000

Type  : Fast 1200mV 0C Model Setup 'clk'
Slack : 9995.735
TNS   : 0.000

Type  : Fast 1200mV 0C Model Hold 'clk'
Slack : 0.134
TNS   : 0.000

Type  : Fast 1200mV 0C Model Recovery 'clk'
Slack : 9998.652
TNS   : 0.000

Type  : Fast 1200mV 0C Model Removal 'clk'
Slack : 0.697
TNS   : 0.000

Type  : Fast 1200mV 0C Model Minimum Pulse Width 'clk'
Slack : 4999.336
TNS   : 0.000

------------------------------------------------------------
